
> mini@0.0.0 build
> vite build

[36mvite v8.0.12 [32mbuilding client environment for production...[36m[39m
[2K
transforming...Γ£ô 596 modules transformed.
node.exe : [31mΓ£ù[39m Build failed in 6.20s
At line:1 char:1
+ & "C:\Program Files\nodejs/node.exe" "C:\Program Files\nodejs/node_mo ...
+ ~~~~~~~~~~~~~~~~~~~~~~~~~~~~~~~~~~~~~~~~~~~~~~~~~~~~~~~~~~~~~~~~~~~~~
    + CategoryInfo          : NotSpecified: ([31mΓ£ù[39m Build failed in 6.20s:String) [], RemoteException
    + FullyQualifiedErrorId : NativeCommandError
 
[31merror during build:
[31mBuild failed with 381 errors:

[31m[UNRESOLVED_IMPORT] Error:[0m Could not resolve './icons/sliders-vertical.mjs' in 
node_modules/lucide-react/dist/esm/lucide-react.mjs
     [38;5;246mΓò¡[0m[38;5;246mΓöÇ[0m[38;5;246m[[0m node_modules/lucide-react/dist/esm/lucide-react.mjs:162:180 
[38;5;246m][0m
     [38;5;246mΓöé[0m
 [38;5;246m162 Γöé[0m 
[38;5;249me[0m[38;5;249mx[0m[38;5;249mp[0m[38;5;249mo[0m[38;5;249mr[0m[38;5;249mt[0m[38;5;249m 
[0m[38;5;249m{[0m[38;5;249m [0m[38;5;249md[0m[38;5;249me[0m[38;5;249mf[0m[38;5;249ma[0m[38;5;249mu[0m[3
8;5;249ml[0m[38;5;249mt[0m[38;5;249m [0m[38;5;249ma[0m[38;5;249ms[0m[38;5;249m [0m[38;5;249mL[0m[38;5;249
mu[0m[38;5;249mc[0m[38;5;249mi[0m[38;5;249md[0m[38;5;249me[0m[38;5;249mS[0m[38;5;249ml[0m[38;5;249mi[0m
[38;5;249md[0m[38;5;249me[0m[38;5;249mr[0m[38;5;249ms[0m[38;5;249m,[0m[38;5;249m [0m[38;5;249md[0m[38;5;2
49me[0m[38;5;249mf[0m[38;5;249ma[0m[38;5;249mu[0m[38;5;249ml[0m[38;5;249mt[0m[38;5;249m 
[0m[38;5;249ma[0m[38;5;249ms[0m[38;5;249m [0m[38;5;249mL[0m[38;5;249mu[0m[38;5;249mc[0m[38;5;249mi[0m[3
8;5;249md[0m[38;5;249me[0m[38;5;249mS[0m[38;5;249ml[0m[38;5;249mi[0m[38;5;249md[0m[38;5;249me[0m[38;5;249
mr[0m[38;5;249ms[0m[38;5;249mV[0m[38;5;249me[0m[38;5;249mr[0m[38;5;249mt[0m[38;5;249mi[0m[38;5;249mc[0m
[38;5;249ma[0m[38;5;249ml[0m[38;5;249m,[0m[38;5;249m [0m[38;5;249md[0m[38;5;249me[0m[38;5;249mf[0m[38;5;2
49ma[0m[38;5;249mu[0m[38;5;249ml[0m[38;5;249mt[0m[38;5;249m [0m[38;5;249ma[0m[38;5;249ms[0m[38;5;249m [0
m[38;5;249mS[0m[38;5;249ml[0m[38;5;249mi[0m[38;5;249md[0m[38;5;249me[0m[38;5;249mr[0m[38;5;249ms[0m[38;5
;249m,[0m[38;5;249m [0m[38;5;249md[0m[38;5;249me[0m[38;5;249mf[0m[38;5;249ma[0m[38;5;249mu[0m[38;5;249ml
[0m[38;5;249mt[0m[38;5;249m [0m[38;5;249ma[0m[38;5;249ms[0m[38;5;249m [0m[38;5;249mS[0m[38;5;249ml[0m[38
;5;249mi[0m[38;5;249md[0m[38;5;249me[0m[38;5;249mr[0m[38;5;249ms[0m[38;5;249mI[0m[38;5;249mc[0m[38;5;249m
o[0m[38;5;249mn[0m[38;5;249m,[0m[38;5;249m [0m[38;5;249md[0m[38;5;249me[0m[38;5;249mf[0m[38;5;249ma[0m[
38;5;249mu[0m[38;5;249ml[0m[38;5;249mt[0m[38;5;249m [0m[38;5;249ma[0m[38;5;249ms[0m[38;5;249m [0m[38;5;24
9mS[0m[38;5;249ml[0m[38;5;249mi[0m[38;5;249md[0m[38;5;249me[0m[38;5;249mr[0m[38;5;249ms[0m[38;5;249mV[0m
[38;5;249me[0m[38;5;249mr[0m[38;5;249mt[0m[38;5;249mi[0m[38;5;249mc[0m[38;5;249ma[0m[38;5;249ml[0m[38;5;
249m,[0m[38;5;249m [0m[38;5;249md[0m[38;5;249me[0m[38;5;249mf[0m[38;5;249ma[0m[38;5;249mu[0m[38;5;249ml[
0m[38;5;249mt[0m[38;5;249m [0m[38;5;249ma[0m[38;5;249ms[0m[38;5;249m [0m[38;5;249mS[0m[38;5;249ml[0m[38;
5;249mi[0m[38;5;249md[0m[38;5;249me[0m[38;5;249mr[0m[38;5;249ms[0m[38;5;249mV[0m[38;5;249me[0m[38;5;249mr
[0m[38;5;249mt[0m[38;5;249mi[0m[38;5;249mc[0m[38;5;249ma[0m[38;5;249ml[0m[38;5;249mI[0m[38;5;249mc[0m[3
8;5;249mo[0m[38;5;249mn[0m[38;5;249m [0m[38;5;249m}[0m[38;5;249m 
[0m[38;5;249mf[0m[38;5;249mr[0m[38;5;249mo[0m[38;5;249mm[0m[38;5;249m 
[0m'./icons/sliders-vertical.mjs'[38;5;249m;[0m
 [38;5;240m    Γöé[0m                                                                                                
                                                                                    
ΓöÇΓöÇΓöÇΓöÇΓöÇΓöÇΓöÇΓöÇΓöÇΓöÇΓöÇΓöÇΓöÇΓöÇΓöÇΓö¼ΓöÇΓöÇΓöÇΓöÇΓöÇΓöÇΓöÇΓöÇΓöÇΓöÇΓöÇΓöÇΓöÇΓöÇ  
 [38;5;240m    Γöé[0m                                                                                                
                                                                                                   
Γò░ΓöÇΓöÇΓöÇΓöÇΓöÇΓöÇΓöÇΓöÇΓöÇΓöÇΓöÇΓöÇΓöÇΓöÇΓöÇΓöÇ Module not found.
 [38;5;240m    Γöé[0m 
 [38;5;240m    Γöé[0m [38;5;115mHelp[0m: 'node_modules/lucide-react/dist/esm/lucide-react.mjs' is imported by the 
following path:
 [38;5;240m    Γöé[0m         - node_modules/lucide-react/dist/esm/lucide-react.mjs
 [38;5;240m    Γöé[0m         - src/components/Header.jsx
 [38;5;240m    Γöé[0m         - src/App.jsx
 [38;5;240m    Γöé[0m         - src/main.jsx
 [38;5;240m    Γöé[0m         - index.html
[38;5;246mΓöÇΓöÇΓöÇΓöÇΓöÇΓò»[0m

[31m[UNRESOLVED_IMPORT] Error:[0m Could not resolve './icons/sparkles.mjs' in 
node_modules/lucide-react/dist/esm/lucide-react.mjs
     [38;5;246mΓò¡[0m[38;5;246mΓöÇ[0m[38;5;246m[[0m node_modules/lucide-react/dist/esm/lucide-react.mjs:163:153 
[38;5;246m][0m
     [38;5;246mΓöé[0m
 [38;5;246m163 Γöé[0m 
[38;5;249me[0m[38;5;249mx[0m[38;5;249mp[0m[38;5;249mo[0m[38;5;249mr[0m[38;5;249mt[0m[38;5;249m 
[0m[38;5;249m{[0m[38;5;249m [0m[38;5;249md[0m[38;5;249me[0m[38;5;249mf[0m[38;5;249ma[0m[38;5;249mu[0m[3
8;5;249ml[0m[38;5;249mt[0m[38;5;249m [0m[38;5;249ma[0m[38;5;249ms[0m[38;5;249m [0m[38;5;249mL[0m[38;5;249
mu[0m[38;5;249mc[0m[38;5;249mi[0m[38;5;249md[0m[38;5;249me[0m[38;5;249mS[0m[38;5;249mp[0m[38;5;249ma[0m
[38;5;249mr[0m[38;5;249mk[0m[38;5;249ml[0m[38;5;249me[0m[38;5;249ms[0m[38;5;249m,[0m[38;5;249m [0m[38;5;2
49md[0m[38;5;249me[0m[38;5;249mf[0m[38;5;249ma[0m[38;5;249mu[0m[38;5;249ml[0m[38;5;249mt[0m[38;5;249m 
[0m[38;5;249ma[0m[38;5;249ms[0m[38;5;249m [0m[38;5;249mL[0m[38;5;249mu[0m[38;5;249mc[0m[38;5;249mi[0m[3
8;5;249md[0m[38;5;249me[0m[38;5;249mS[0m[38;5;249mt[0m[38;5;249ma[0m[38;5;249mr[0m[38;5;249ms[0m[38;5;249
m,[0m[38;5;249m [0m[38;5;249md[0m[38;5;249me[0m[38;5;249mf[0m[38;5;249ma[0m[38;5;249mu[0m[38;5;249ml[0m
[38;5;249mt[0m[38;5;249m [0m[38;5;249ma[0m[38;5;249ms[0m[38;5;249m [0m[38;5;249mS[0m[38;5;249mp[0m[38;5;2
49ma[0m[38;5;249mr[0m[38;5;249mk[0m[38;5;249ml[0m[38;5;249me[0m[38;5;249ms[0m[38;5;249m,[0m[38;5;249m [0
m[38;5;249md[0m[38;5;249me[0m[38;5;249mf[0m[38;5;249ma[0m[38;5;249mu[0m[38;5;249ml[0m[38;5;249mt[0m[38;5
;249m [0m[38;5;249ma[0m[38;5;249ms[0m[38;5;249m [0m[38;5;249mS[0m[38;5;249mp[0m[38;5;249ma[0m[38;5;249mr
[0m[38;5;249mk[0m[38;5;249ml[0m[38;5;249me[0m[38;5;249ms[0m[38;5;249mI[0m[38;5;249mc[0m[38;5;249mo[0m[38
;5;249mn[0m[38;5;249m,[0m[38;5;249m [0m[38;5;249md[0m[38;5;249me[0m[38;5;249mf[0m[38;5;249ma[0m[38;5;249m
u[0m[38;5;249ml[0m[38;5;249mt[0m[38;5;249m [0m[38;5;249ma[0m[38;5;249ms[0m[38;5;249m 
[0m[38;5;249mS[0m[38;5;249mt[0m[38;5;249ma[0m[38;5;249mr[0m[38;5;249ms[0m[38;5;249m,[0m[38;5;249m [0m[3
8;5;249md[0m[38;5;249me[0m[38;5;249mf[0m[38;5;249ma[0m[38;5;249mu[0m[38;5;249ml[0m[38;5;249mt[0m[38;5;249
m [0m[38;5;249ma[0m[38;5;249ms[0m[38;5;249m [0m[38;5;249mS[0m[38;5;249mt[0m[38;5;249ma[0m[38;5;249mr[0m
[38;5;249ms[0m[38;5;249mI[0m[38;5;249mc[0m[38;5;249mo[0m[38;5;249mn[0m[38;5;249m 
[0m[38;5;249m}[0m[38;5;249m [0m[38;5;249mf[0m[38;5;249mr[0m[38;5;249mo[0m[38;5;249mm[0m[38;5;249m 
[0m'./icons/sparkles.mjs'[38;5;249m;[0m
 [38;5;240m    Γöé[0m                                                                                                
                                                         
ΓöÇΓöÇΓöÇΓöÇΓöÇΓöÇΓöÇΓöÇΓöÇΓöÇΓöÇΓö¼ΓöÇΓöÇΓöÇΓöÇΓöÇΓöÇΓöÇΓöÇΓöÇΓöÇ  
 [38;5;240m    Γöé[0m                                                                                                
                                                                    Γò░ΓöÇΓöÇΓöÇΓöÇΓöÇΓöÇΓöÇΓöÇΓöÇΓöÇΓöÇΓöÇ Module not 
found.
 [38;5;240m    Γöé[0m 
 [38;5;240m    Γöé[0m [38;5;115mHelp[0m: 'node_modules/lucide-react/dist/esm/lucide-react.mjs' is imported by the 
following path:
 [38;5;240m    Γöé[0m         - node_modules/lucide-react/dist/esm/lucide-react.mjs
 [38;5;240m    Γöé[0m         - src/components/Header.jsx
 [38;5;240m    Γöé[0m         - src/App.jsx
 [38;5;240m    Γöé[0m         - src/main.jsx
 [38;5;240m    Γöé[0m         - index.html
[38;5;246mΓöÇΓöÇΓöÇΓöÇΓöÇΓò»[0m

[31m[UNRESOLVED_IMPORT] Error:[0m Could not resolve './icons/square-activity.mjs' in 
node_modules/lucide-react/dist/esm/lucide-react.mjs
     [38;5;246mΓò¡[0m[38;5;246mΓöÇ[0m[38;5;246m[[0m node_modules/lucide-react/dist/esm/lucide-react.mjs:164:198 
[38;5;246m][0m
     [38;5;246mΓöé[0m
 [38;5;246m164 Γöé[0m 
[38;5;249me[0m[38;5;249mx[0m[38;5;249mp[0m[38;5;249mo[0m[38;5;249mr[0m[38;5;249mt[0m[38;5;249m 
[0m[38;5;249m{[0m[38;5;249m [0m[38;5;249md[0m[38;5;249me[0m[38;5;249mf[0m[38;5;249ma[0m[38;5;249mu[0m[3
8;5;249ml[0m[38;5;249mt[0m[38;5;249m [0m[38;5;249ma[0m[38;5;249ms[0m[38;5;249m [0m[38;5;249mA[0m[38;5;249
mc[0m[38;5;249mt[0m[38;5;249mi[0m[38;5;249mv[0m[38;5;249mi[0m[38;5;249mt[0m[38;5;249my[0m[38;5;249mS[0m
[38;5;249mq[0m[38;5;249mu[0m[38;5;249ma[0m[38;5;249mr[0m[38;5;249me[0m[38;5;249m,[0m[38;5;249m [0m[38;5;2
49md[0m[38;5;249me[0m[38;5;249mf[0m[38;5;249ma[0m[38;5;249mu[0m[38;5;249ml[0m[38;5;249mt[0m[38;5;249m 
[0m[38;5;249ma[0m[38;5;249ms[0m[38;5;249m [0m[38;5;249mA[0m[38;5;249mc[0m[38;5;249mt[0m[38;5;249mi[0m[3
8;5;249mv[0m[38;5;249mi[0m[38;5;249mt[0m[38;5;249my[0m[38;5;249mS[0m[38;5;249mq[0m[38;5;249mu[0m[38;5;249
ma[0m[38;5;249mr[0m[38;5;249me[0m[38;5;249mI[0m[38;5;249mc[0m[38;5;249mo[0m[38;5;249mn[0m[38;5;249m,[0m
[38;5;249m [0m[38;5;249md[0m[38;5;249me[0m[38;5;249mf[0m[38;5;249ma[0m[38;5;249mu[0m[38;5;249ml[0m[38;5;2
49mt[0m[38;5;249m [0m[38;5;249ma[0m[38;5;249ms[0m[38;5;249m [0m[38;5;249mL[0m[38;5;249mu[0m[38;5;249mc[0
m[38;5;249mi[0m[38;5;249md[0m[38;5;249me[0m[38;5;249mA[0m[38;5;249mc[0m[38;5;249mt[0m[38;5;249mi[0m[38;5
;249mv[0m[38;5;249mi[0m[38;5;249mt[0m[38;5;249my[0m[38;5;249mS[0m[38;5;249mq[0m[38;5;249mu[0m[38;5;249ma
[0m[38;5;249mr[0m[38;5;249me[0m[38;5;249m,[0m[38;5;249m [0m[38;5;249md[0m[38;5;249me[0m[38;5;249mf[0m[38
;5;249ma[0m[38;5;249mu[0m[38;5;249ml[0m[38;5;249mt[0m[38;5;249m 
[0m[38;5;249ma[0m[38;5;249ms[0m[38;5;249m [0m[38;5;249mL[0m[38;5;249mu[0m[38;5;249mc[0m[38;5;249mi[0m[3
8;5;249md[0m[38;5;249me[0m[38;5;249mS[0m[38;5;249mq[0m[38;5;249mu[0m[38;5;249ma[0m[38;5;249mr[0m[38;5;249
me[0m[38;5;249mA[0m[38;5;249mc[0m[38;5;249mt[0m[38;5;249mi[0m[38;5;249mv[0m[38;5;249mi[0m[38;5;249mt[0m
[38;5;249my[0m[38;5;249m,[0m[38;5;249m [0m[38;5;249md[0m[38;5;249me[0m[38;5;249mf[0m[38;5;249ma[0m[38;5;2
49mu[0m[38;5;249ml[0m[38;5;249mt[0m[38;5;249m [0m[38;5;249ma[0m[38;5;249ms[0m[38;5;249m [0m[38;5;249mS[0
m[38;5;249mq[0m[38;5;249mu[0m[38;5;249ma[0m[38;5;249mr[0m[38;5;249me[0m[38;5;249mA[0m[38;5;249mc[0m[38;5
;249mt[0m[38;5;249mi[0m[38;5;249mv[0m[38;5;249mi[0m[38;5;249mt[0m[38;5;249my[0m[38;5;249m,[0m[38;5;249m 
[0m[38;5;249md[0m[38;5;249me[0m[38;5;249mf[0m[38;5;249ma[0m[38;5;249mu[0m[38;5;249ml[0m[38;5;249mt[0m[38
;5;249m [0m[38;5;249ma[0m[38;5;249ms[0m[38;5;249m [0m[38;5;249mS[0m[38;5;249mq[0m[38;5;249mu[0m[38;5;249m
a[0m[38;5;249mr[0m[38;5;249me[0m[38;5;249mA[0m[38;5;249mc[0m[38;5;249mt[0m[38;5;249mi[0m[38;5;249mv[0m[
38;5;249mi[0m[38;5;249mt[0m[38;5;249my[0m[38;5;249mI[0m[38;5;249mc[0m[38;5;249mo[0m[38;5;249mn[0m[38;5;24
9m [0m[38;5;249m}[0m[38;5;249m [0m[38;5;249mf[0m[38;5;249mr[0m[38;5;249mo[0m[38;5;249mm[0m[38;5;249m 
[0m'./icons/square-activity.mjs'[38;5;249m;[0m
 [38;5;240m    Γöé[0m                                                                                                
                                                                                                      
ΓöÇΓöÇΓöÇΓöÇΓöÇΓöÇΓöÇΓöÇΓöÇΓöÇΓöÇΓöÇΓöÇΓöÇΓö¼ΓöÇΓöÇΓöÇΓöÇΓöÇΓöÇΓöÇΓöÇΓöÇΓöÇΓöÇΓöÇΓöÇΓöÇ  
 [38;5;240m    Γöé[0m                                                                                                
                                                                                                                    
Γò░ΓöÇΓöÇΓöÇΓöÇΓöÇΓöÇΓöÇΓöÇΓöÇΓöÇΓöÇΓöÇΓöÇΓöÇΓöÇΓöÇ Module not found.
 [38;5;240m    Γöé[0m 
 [38;5;240m    Γöé[0m [38;5;115mHelp[0m: 'node_modules/lucide-react/dist/esm/lucide-react.mjs' is imported by the 
following path:
 [38;5;240m    Γöé[0m         - node_modules/lucide-react/dist/esm/lucide-react.mjs
 [38;5;240m    Γöé[0m         - src/components/Header.jsx
 [38;5;240m    Γöé[0m         - src/App.jsx
 [38;5;240m    Γöé[0m         - src/main.jsx
 [38;5;240m    Γöé[0m         - index.html
[38;5;246mΓöÇΓöÇΓöÇΓöÇΓöÇΓò»[0m

[31m[UNRESOLVED_IMPORT] Error:[0m Could not resolve './icons/square-arrow-down-left.mjs' in 
node_modules/lucide-react/dist/esm/lucide-react.mjs
     [38;5;246mΓò¡[0m[38;5;246mΓöÇ[0m[38;5;246m[[0m node_modules/lucide-react/dist/esm/lucide-react.mjs:165:228 
[38;5;246m][0m
     [38;5;246mΓöé[0m
 [38;5;246m165 Γöé[0m 
[38;5;249me[0m[38;5;249mx[0m[38;5;249mp[0m[38;5;249mo[0m[38;5;249mr[0m[38;5;249mt[0m[38;5;249m 
[0m[38;5;249m{[0m[38;5;249m [0m[38;5;249md[0m[38;5;249me[0m[38;5;249mf[0m[38;5;249ma[0m[38;5;249mu[0m[3
8;5;249ml[0m[38;5;249mt[0m[38;5;249m [0m[38;5;249ma[0m[38;5;249ms[0m[38;5;249m [0m[38;5;249mA[0m[38;5;249
mr[0m[38;5;249mr[0m[38;5;249mo[0m[38;5;249mw[0m[38;5;249mD[0m[38;5;249mo[0m[38;5;249mw[0m[38;5;249mn[0m
[38;5;249mL[0m[38;5;249me[0m[38;5;249mf[0m[38;5;249mt[0m[38;5;249mS[0m[38;5;249mq[0m[38;5;249mu[0m[38;5;2
49ma[0m[38;5;249mr[0m[38;5;249me[0m[38;5;249m,[0m[38;5;249m [0m[38;5;249md[0m[38;5;249me[0m[38;5;249mf[0
m[38;5;249ma[0m[38;5;249mu[0m[38;5;249ml[0m[38;5;249mt[0m[38;5;249m 
[0m[38;5;249ma[0m[38;5;249ms[0m[38;5;249m [0m[38;5;249mA[0m[38;5;249mr[0m[38;5;249mr[0m[38;5;249mo[0m[3
8;5;249mw[0m[38;5;249mD[0m[38;5;249mo[0m[38;5;249mw[0m[38;5;249mn[0m[38;5;249mL[0m[38;5;249me[0m[38;5;249
mf[0m[38;5;249mt[0m[38;5;249mS[0m[38;5;249mq[0m[38;5;249mu[0m[38;5;249ma[0m[38;5;249mr[0m[38;5;249me[0m
[38;5;249mI[0m[38;5;249mc[0m[38;5;249mo[0m[38;5;249mn[0m[38;5;249m,[0m[38;5;249m [0m[38;5;249md[0m[38;5;2
49me[0m[38;5;249mf[0m[38;5;249ma[0m[38;5;249mu[0m[38;5;249ml[0m[38;5;249mt[0m[38;5;249m 
[0m[38;5;249ma[0m[38;5;249ms[0m[38;5;249m [0m[38;5;249mL[0m[38;5;249mu[0m[38;5;249mc[0m[38;5;249mi[0m[3
8;5;249md[0m[38;5;249me[0m[38;5;249mA[0m[38;5;249mr[0m[38;5;249mr[0m[38;5;249mo[0m[38;5;249mw[0m[38;5;249
mD[0m[38;5;249mo[0m[38;5;249mw[0m[38;5;249mn[0m[38;5;249mL[0m[38;5;249me[0m[38;5;249mf[0m[38;5;249mt[0m
[38;5;249mS[0m[38;5;249mq[0m[38;5;249mu[0m[38;5;249ma[0m[38;5;249mr[0m[38;5;249me[0m[38;5;249m,[0m[38;5;2
49m [0m[38;5;249md[0m[38;5;249me[0m[38;5;249mf[0m[38;5;249ma[0m[38;5;249mu[0m[38;5;249ml[0m[38;5;249mt[0
m[38;5;249m [0m[38;5;249ma[0m[38;5;249ms[0m[38;5;249m [0m[38;5;249mL[0m[38;5;249mu[0m[38;5;249mc[0m[38;5
;249mi[0m[38;5;249md[0m[38;5;249me[0m[38;5;249mS[0m[38;5;249mq[0m[38;5;249mu[0m[38;5;249ma[0m[38;5;249mr
[0m[38;5;249me[0m[38;5;249mA[0m[38;5;249mr[0m[38;5;249mr[0m[38;5;249mo[0m[38;5;249mw[0m[38;5;249mD[0m[38
;5;249mo[0m[38;5;249mw[0m[38;5;249mn[0m[38;5;249mL[0m[38;5;249me[0m[38;5;249mf[0m[38;5;249mt[0m[38;5;249m
,[0m[38;5;249m [0m[38;5;249md[0m[38;5;249me[0m[38;5;249mf[0m[38;5;249ma[0m[38;5;249mu[0m[38;5;249ml[0m[
38;5;249mt[0m[38;5;249m [0m[38;5;249ma[0m[38;5;249ms[0m[38;5;249m [0m[38;5;249mS[0m[38;5;249mq[0m[38;5;24
9mu[0m[38;5;249ma[0m[38;5;249mr[0m[38;5;249me[0m[38;5;249mA[0m[38;5;249mr[0m[38;5;249mr[0m[38;5;249mo[0m
[38;5;249mw[0m[38;5;249mD[0m[38;5;249mo[0m[38;5;249mw[0m[38;5;249mn[0m[38;5;249mL[0m[38;5;249me[0m[38;5;
249mf[0m[38;5;249mt[0m[38;5;249m,[0m[38;5;249m [0m[38;5;249md[0m[38;5;249me[0m[38;5;249mf[0m[38;5;249ma[
0m[38;5;249mu[0m[38;5;249ml[0m[38;5;249mt[0m[38;5;249m [0m[38;5;249ma[0m[38;5;249ms[0m[38;5;249m [0m[38;
5;249mS[0m[38;5;249mq[0m[38;5;249mu[0m[38;5;249ma[0m[38;5;249mr[0m[38;5;249me[0m[38;5;249mA[0m[38;5;249mr
[0m[38;5;249mr[0m[38;5;249mo[0m[38;5;249mw[0m[38;5;249mD[0m[38;5;249mo[0m[38;5;249mw[0m[38;5;249mn[0m[3
8;5;249mL[0m[38;5;249me[0m[38;5;249mf[0m[38;5;249mt[0m[38;5;249mI[0m[38;5;249mc[0m[38;5;249mo[0m[38;5;249
mn[0m[38;5;249m [0m[38;5;249m}[0m[38;5;249m 
[0m[38;5;249mf[0m[38;5;249mr[0m[38;5;249mo[0m[38;5;249mm[0m[38;5;249m 
[0m'./icons/square-arrow-down-left.mjs'[38;5;249m;[0m
 [38;5;240m    Γöé[0m                                                                                                
                                                                                                                       
             
ΓöÇΓöÇΓöÇΓöÇΓöÇΓöÇΓöÇΓöÇΓöÇΓöÇΓöÇΓöÇΓöÇΓöÇΓöÇΓöÇΓöÇΓöÇΓö¼ΓöÇΓöÇΓöÇΓöÇΓöÇΓöÇΓöÇΓöÇΓöÇΓöÇΓöÇΓöÇΓöÇΓöÇΓöÇΓöÇΓöÇ  
 [38;5;240m    Γöé[0m                                                                                                
                                                                                                                       
                               Γò░ΓöÇΓöÇΓöÇΓöÇΓöÇΓöÇΓöÇΓöÇΓöÇΓöÇΓöÇΓöÇΓöÇΓöÇΓöÇΓöÇΓöÇΓöÇΓöÇ Module not found.
 [38;5;240m    Γöé[0m 
 [38;5;240m    Γöé[0m [38;5;115mHelp[0m: 'node_modules/lucide-react/dist/esm/lucide-react.mjs' is imported by the 
following path:
 [38;5;240m    Γöé[0m         - node_modules/lucide-react/dist/esm/lucide-react.mjs
 [38;5;240m    Γöé[0m         - src/components/Header.jsx
 [38;5;240m    Γöé[0m         - src/App.jsx
 [38;5;240m    Γöé[0m         - src/main.jsx
 [38;5;240m    Γöé[0m         - index.html
[38;5;246mΓöÇΓöÇΓöÇΓöÇΓöÇΓò»[0m

[31m[UNRESOLVED_IMPORT] Error:[0m Could not resolve './icons/square-arrow-down-right.mjs' in 
node_modules/lucide-react/dist/esm/lucide-react.mjs
     [38;5;246mΓò¡[0m[38;5;246mΓöÇ[0m[38;5;246m[[0m node_modules/lucide-react/dist/esm/lucide-react.mjs:166:234 
[38;5;246m][0m
     [38;5;246mΓöé[0m
 [38;5;246m166 Γöé[0m 
[38;5;249me[0m[38;5;249mx[0m[38;5;249mp[0m[38;5;249mo[0m[38;5;249mr[0m[38;5;249mt[0m[38;5;249m 
[0m[38;5;249m{[0m[38;5;249m [0m[38;5;249md[0m[38;5;249me[0m[38;5;249mf[0m[38;5;249ma[0m[38;5;249mu[0m[3
8;5;249ml[0m[38;5;249mt[0m[38;5;249m [0m[38;5;249ma[0m[38;5;249ms[0m[38;5;249m [0m[38;5;249mA[0m[38;5;249
mr[0m[38;5;249mr[0m[38;5;249mo[0m[38;5;249mw[0m[38;5;249mD[0m[38;5;249mo[0m[38;5;249mw[0m[38;5;249mn[0m
[38;5;249mR[0m[38;5;249mi[0m[38;5;249mg[0m[38;5;249mh[0m[38;5;249mt[0m[38;5;249mS[0m[38;5;249mq[0m[38;5;2
49mu[0m[38;5;249ma[0m[38;5;249mr[0m[38;5;249me[0m[38;5;249m,[0m[38;5;249m [0m[38;5;249md[0m[38;5;249me[0
m[38;5;249mf[0m[38;5;249ma[0m[38;5;249mu[0m[38;5;249ml[0m[38;5;249mt[0m[38;5;249m 
[0m[38;5;249ma[0m[38;5;249ms[0m[38;5;249m [0m[38;5;249mA[0m[38;5;249mr[0m[38;5;249mr[0m[38;5;249mo[0m[3
8;5;249mw[0m[38;5;249mD[0m[38;5;249mo[0m[38;5;249mw[0m[38;5;249mn[0m[38;5;249mR[0m[38;5;249mi[0m[38;5;249
mg[0m[38;5;249mh[0m[38;5;249mt[0m[38;5;249mS[0m[38;5;249mq[0m[38;5;249mu[0m[38;5;249ma[0m[38;5;249mr[0m
[38;5;249me[0m[38;5;249mI[0m[38;5;249mc[0m[38;5;249mo[0m[38;5;249mn[0m[38;5;249m,[0m[38;5;249m [0m[38;5;2
49md[0m[38;5;249me[0m[38;5;249mf[0m[38;5;249ma[0m[38;5;249mu[0m[38;5;249ml[0m[38;5;249mt[0m[38;5;249m 
[0m[38;5;249ma[0m[38;5;249ms[0m[38;5;249m [0m[38;5;249mL[0m[38;5;249mu[0m[38;5;249mc[0m[38;5;249mi[0m[3
8;5;249md[0m[38;5;249me[0m[38;5;249mA[0m[38;5;249mr[0m[38;5;249mr[0m[38;5;249mo[0m[38;5;249mw[0m[38;5;249
mD[0m[38;5;249mo[0m[38;5;249mw[0m[38;5;249mn[0m[38;5;249mR[0m[38;5;249mi[0m[38;5;249mg[0m[38;5;249mh[0m
[38;5;249mt[0m[38;5;249mS[0m[38;5;249mq[0m[38;5;249mu[0m[38;5;249ma[0m[38;5;249mr[0m[38;5;249me[0m[38;5;2
49m,[0m[38;5;249m [0m[38;5;249md[0m[38;5;249me[0m[38;5;249mf[0m[38;5;249ma[0m[38;5;249mu[0m[38;5;249ml[0
m[38;5;249mt[0m[38;5;249m [0m[38;5;249ma[0m[38;5;249ms[0m[38;5;249m [0m[38;5;249mL[0m[38;5;249mu[0m[38;5
;249mc[0m[38;5;249mi[0m[38;5;249md[0m[38;5;249me[0m[38;5;249mS[0m[38;5;249mq[0m[38;5;249mu[0m[38;5;249ma
[0m[38;5;249mr[0m[38;5;249me[0m[38;5;249mA[0m[38;5;249mr[0m[38;5;249mr[0m[38;5;249mo[0m[38;5;249mw[0m[38
;5;249mD[0m[38;5;249mo[0m[38;5;249mw[0m[38;5;249mn[0m[38;5;249mR[0m[38;5;249mi[0m[38;5;249mg[0m[38;5;249m
h[0m[38;5;249mt[0m[38;5;249m,[0m[38;5;249m [0m[38;5;249md[0m[38;5;249me[0m[38;5;249mf[0m[38;5;249ma[0m[
38;5;249mu[0m[38;5;249ml[0m[38;5;249mt[0m[38;5;249m [0m[38;5;249ma[0m[38;5;249ms[0m[38;5;249m [0m[38;5;24
9mS[0m[38;5;249mq[0m[38;5;249mu[0m[38;5;249ma[0m[38;5;249mr[0m[38;5;249me[0m[38;5;249mA[0m[38;5;249mr[0m
[38;5;249mr[0m[38;5;249mo[0m[38;5;249mw[0m[38;5;249mD[0m[38;5;249mo[0m[38;5;249mw[0m[38;5;249mn[0m[38;5;
249mR[0m[38;5;249mi[0m[38;5;249mg[0m[38;5;249mh[0m[38;5;249mt[0m[38;5;249m,[0m[38;5;249m [0m[38;5;249md[
0m[38;5;249me[0m[38;5;249mf[0m[38;5;249ma[0m[38;5;249mu[0m[38;5;249ml[0m[38;5;249mt[0m[38;5;249m 
[0m[38;5;249ma[0m[38;5;249ms[0m[38;5;249m [0m[38;5;249mS[0m[38;5;249mq[0m[38;5;249mu[0m[38;5;249ma[0m[3
8;5;249mr[0m[38;5;249me[0m[38;5;249mA[0m[38;5;249mr[0m[38;5;249mr[0m[38;5;249mo[0m[38;5;249mw[0m[38;5;249
mD[0m[38;5;249mo[0m[38;5;249mw[0m[38;5;249mn[0m[38;5;249mR[0m[38;5;249mi[0m[38;5;249mg[0m[38;5;249mh[0m
[38;5;249mt[0m[38;5;249mI[0m[38;5;249mc[0m[38;5;249mo[0m[38;5;249mn[0m[38;5;249m 
[0m[38;5;249m}[0m[38;5;249m [0m[38;5;249mf[0m[38;5;249mr[0m[38;5;249mo[0m[38;5;249mm[0m[38;5;249m 
[0m'./icons/square-arrow-down-right.mjs'[38;5;249m;[0m
 [38;5;240m    Γöé[0m                                                                                                
                                                                                                                       
                   
ΓöÇΓöÇΓöÇΓöÇΓöÇΓöÇΓöÇΓöÇΓöÇΓöÇΓöÇΓöÇΓöÇΓöÇΓöÇΓöÇΓöÇΓöÇΓö¼ΓöÇΓöÇΓöÇΓöÇΓöÇΓöÇΓöÇΓöÇΓöÇΓöÇΓöÇΓöÇΓöÇΓöÇΓöÇΓöÇΓöÇΓöÇ  
 [38;5;240m    Γöé[0m                                                                                                
                                                                                                                       
                                     Γò░ΓöÇΓöÇΓöÇΓöÇΓöÇΓöÇΓöÇΓöÇΓöÇΓöÇΓöÇΓöÇΓöÇΓöÇΓöÇΓöÇΓöÇΓöÇΓöÇΓöÇ Module not found.
 [38;5;240m    Γöé[0m 
 [38;5;240m    Γöé[0m [38;5;115mHelp[0m: 'node_modules/lucide-react/dist/esm/lucide-react.mjs' is imported by the 
following path:
 [38;5;240m    Γöé[0m         - node_modules/lucide-react/dist/esm/lucide-react.mjs
 [38;5;240m    Γöé[0m         - src/components/Header.jsx
 [38;5;240m    Γöé[0m         - src/App.jsx
 [38;5;240m    Γöé[0m         - src/main.jsx
 [38;5;240m    Γöé[0m         - index.html
[38;5;246mΓöÇΓöÇΓöÇΓöÇΓöÇΓò»[0m

...[31m
    at aggregateBindingErrorsIntoJsError 
(file:///C:/Users/HP/OneDrive/Documents/mini/node_modules/rolldown/dist/shared/error-BrnLyQ-g.mjs:48:18)
    at unwrapBindingResult 
(file:///C:/Users/HP/OneDrive/Documents/mini/node_modules/rolldown/dist/shared/error-BrnLyQ-g.mjs:18:128)
    at #build 
(file:///C:/Users/HP/OneDrive/Documents/mini/node_modules/rolldown/dist/shared/rolldown-build-D_ShytiL.mjs:3257:34)
    at async buildEnvironment 
(file:///C:/Users/HP/OneDrive/Documents/mini/node_modules/vite/dist/node/chunks/node.js:33052:64)
    at async Object.build 
(file:///C:/Users/HP/OneDrive/Documents/mini/node_modules/vite/dist/node/chunks/node.js:33474:19)
    at async Object.buildApp 
(file:///C:/Users/HP/OneDrive/Documents/mini/node_modules/vite/dist/node/chunks/node.js:33471:153)
    at async CAC.<anonymous> (file:///C:/Users/HP/OneDrive/Documents/mini/node_modules/vite/dist/node/cli.js:778:3) {
  errors: [Getter/Setter]
}[39m
